// Jest Snapshot v1, https://goo.gl/fbAQLP

exports[`Add snapshot for error messages  1`] = `
<DocumentFragment>
  <div
    class="error"
    role="alert"
  >
    <button
      class="close"
      type="button"
    >
      close
    </button>
    <p />
  </div>
</DocumentFragment>
`;
